// Jest Snapshot v1, https://goo.gl/fbAQLP

exports[`<MenuItem> DOM with all possible props and element child 1`] = `
<li
  className="foobar"
  data-something-something="seven"
  id="hogwash"
  onClick={[Function]}
  onKeyDown={[Function]}
  role="menuitem"
  style={
    {
      "right": "1em",
    }
  }
  tabIndex="-1"
>
  <a
    href="#"
  >
    foo
  </a>
</li>
`;

exports[`<MenuItem> DOM with only required props 1`] = `
<div
  onClick={[Function]}
  onKeyDown={[Function]}
  role="menuitem"
  tabIndex="-1"
>
  foo
</div>
`;

exports[`<MenuItem> rendered via renderToString does not throw 1`] = `"<div><div role="menuitem" tabindex="-1">foo</div></div>"`;
